", "kubernetes":{"pod_name":"kairosdb-914055854-b63vq"

